// Jest Snapshot v1, https://goo.gl/fbAQLP

exports[`personList actions adds person 1`] = `
Object {
  "people": Array [
    Object {
      "address": Object {
        "city": "City",
        "streetAddress": "Address",
        "zipCode": "123",
      },
      "firstName": "Person",
      "friends": Array [],
      "friendsSortBy": "none",
      "friendsSortOrder": "ascending",
      "id": "1",
      "lastName": "Persson",
    },
    Object {
      "address": Object {
        "city": "Town",
        "streetAddress": "Weirdplace",
        "zipCode": "321",
      },
      "firstName": "Jane",
      "friends": Array [],
      "friendsSortBy": "none",
      "friendsSortOrder": "ascending",
      "id": "2",
      "lastName": "Doe",
    },
  ],
  "sortBy": "none",
  "sortOrder": "ascending",
}
`;

exports[`personList model initializes properly 1`] = `
Object {
  "people": Array [],
  "sortBy": "none",
  "sortOrder": "ascending",
}
`;

exports[`personList model initializes with existing people 1`] = `
Object {
  "people": Array [
    Object {
      "address": Object {
        "city": "a",
        "streetAddress": "a",
        "zipCode": "a",
      },
      "firstName": "Bob",
      "friends": Array [
        "2",
      ],
      "friendsSortBy": "none",
      "friendsSortOrder": "ascending",
      "id": "1",
      "lastName": "Allison",
    },
    Object {
      "address": Object {
        "city": "a",
        "streetAddress": "a",
        "zipCode": "a",
      },
      "firstName": "Charles",
      "friends": Array [
        "1",
        "3",
      ],
      "friendsSortBy": "none",
      "friendsSortOrder": "ascending",
      "id": "2",
      "lastName": "Bobson",
    },
    Object {
      "address": Object {
        "city": "a",
        "streetAddress": "a",
        "zipCode": "a",
      },
      "firstName": "Alice",
      "friends": Array [
        "2",
      ],
      "friendsSortBy": "none",
      "friendsSortOrder": "ascending",
      "id": "3",
      "lastName": "Charlson",
    },
  ],
  "sortBy": "none",
  "sortOrder": "ascending",
}
`;
